// Jest Snapshot v1, https://goo.gl/fbAQLP

exports[`LoginButton.vue should work 1`] = `
<span><button type="button" class="ml-4 v-btn v-btn--is-elevated v-btn--has-bg theme--light v-size--default primary"><span class="v-btn__content">Log in</span></button>
<!----></span>
`;
