// Jest Snapshot v1, https://goo.gl/fbAQLP

exports[`NavDrawer.vue should work 1`] = `
<nav class="v-navigation-drawer v-navigation-drawer--close v-navigation-drawer--fixed v-navigation-drawer--is-mobile v-navigation-drawer--temporary theme--light" style="height: 100vh; top: 0px; transform: translateX(-100%); width: 256px;">
  <div class="v-navigation-drawer__content">
    <div class="v-system-bar theme--light secondary" style="height: 24px;"></div>
    <div class="v-list v-sheet theme--light">
      <div tabindex="-1" class="py-6 py-xs-2 v-list-item theme--light">
        <div>
          <div aria-label="Crossref logo" role="img" class="v-image v-responsive theme--light" style="min-height: 36px; min-width: 72px; max-height: 50px; max-width: 72px;">
            <div class="v-responsive__sizer" style="padding-bottom: 65.01950585175553%;"></div>
            <transition-stub name="fade-transition" mode="in-out">
              <div class="v-image__image v-image__image--preload v-image__image--cover" style="background-position: center center;"></div>
            </transition-stub>
            <div class="v-responsive__content"></div>
          </div>
        </div>
      </div> <a tabindex="0" href="https://www.crossref.org/1" class="v-list-item v-list-item--link theme--light">
        <div class="v-list-item__title">Option 1</div>
      </a>
      <!----><a tabindex="0" href="https://www.crossref.org/2" class="v-list-item v-list-item--link theme--light">
        <div class="v-list-item__title">Option 2</div>
      </a>
      <!----><a tabindex="0" href="https://www.crossref.org/3" class="v-list-item v-list-item--link theme--light">
        <div class="v-list-item__title">Option 3</div>
      </a>
      <!----><a tabindex="0" href="https://www.crossref.org/4" class="v-list-item v-list-item--link theme--light">
        <div class="v-list-item__title">Option 4</div>
      </a>
      <!----><a tabindex="0" href="https://www.crossref.org/5" class="v-list-item v-list-item--link theme--light">
        <div class="v-list-item__title">Option 5</div>
      </a>
      <!---->
      <!---->
      <div class="v-list-group">
        <div tabindex="0" aria-expanded="false" role="button" class="v-list-group__header v-list-item v-list-item--link theme--light">
          <div class="v-list-item__title">Option 6</div>
          <div class="v-list-item__icon v-list-group__header__append-icon"><i aria-hidden="true" class="v-icon notranslate mdi mdi-chevron-down theme--light"></i></div>
        </div>
        <transition-stub name="expand-transition">
          <!---->
        </transition-stub>
      </div>
    </div>
    <hr role="separator" aria-orientation="horizontal" class="v-divider theme--light">
  </div>
  <div class="v-navigation-drawer__border"></div>
</nav>
`;
