// Jest Snapshot v1, https://goo.gl/fbAQLP

exports[`SearchBox.vue should work 1`] = `
<div class="v-input v-input--hide-details v-input--dense theme--light v-text-field v-text-field--single-line v-text-field--solo v-text-field--solo-inverted v-text-field--filled v-text-field--enclosed v-text-field--outlined v-text-field--placeholder expanding-search closed">
  <div class="v-input__control">
    <div class="v-input__slot">
      <div class="v-input__prepend-inner">
        <div class="v-input__icon v-input__icon--prepend-inner"><i aria-hidden="true" class="v-icon notranslate mdi mdi-magnify theme--light"></i></div>
      </div>
      <fieldset aria-hidden="true">
        <legend><span>â€‹</span></legend>
      </fieldset>
      <div class="v-text-field__slot"><input id="input-4" placeholder="Search" type="text"></div>
      <div class="v-input__append-inner">
        <div></div>
      </div>
    </div>
  </div>
</div>
`;
