// Jest Snapshot v1, https://goo.gl/fbAQLP

exports[`ToolBar.vue should have a custom title and match snapshot 1`] = `
<header class="v-sheet theme--dark v-toolbar v-toolbar--dense secondary" style="height: 48px;">
  <div class="v-toolbar__content" style="height: 48px;"><button type="button" class="v-app-bar__nav-icon v-btn v-btn--icon v-btn--round theme--dark v-size--default"><span class="v-btn__content"><i aria-hidden="true" class="v-icon notranslate mdi mdi-menu theme--dark"></i></span></button>
    <div class="v-toolbar__title">Foobar title</div>
    <div class="spacer"></div>
    <div class="v-input v-input--hide-details v-input--dense theme--dark v-text-field v-text-field--single-line v-text-field--solo v-text-field--solo-inverted v-text-field--filled v-text-field--enclosed v-text-field--outlined v-text-field--placeholder expanding-search closed">
      <div class="v-input__control">
        <div class="v-input__slot">
          <div class="v-input__prepend-inner">
            <div class="v-input__icon v-input__icon--prepend-inner"><i aria-hidden="true" class="v-icon notranslate mdi mdi-magnify theme--dark"></i></div>
          </div>
          <fieldset aria-hidden="true">
            <legend><span>â€‹</span></legend>
          </fieldset>
          <div class="v-text-field__slot"><input data-cy="search-box__input" id="input-8" placeholder="Search" type="text"></div>
          <div class="v-input__append-inner">
            <div></div>
          </div>
        </div>
      </div>
    </div>
  </div>
</header>
`;
